[2026-03-20 08:17:01] Conduta Inicial recebida: 'alta'
[2026-03-20 08:17:01] Detectada conduta ALTA para paciente 1
[2026-03-20 08:17:01] Tentando adicionar paciente 1 à fila 'altas'
[2026-03-20 08:17:01] Deletados 0 registros de outras filas
[2026-03-20 08:17:01] ERRO: SQLSTATE[01000]: Warning: 1265 Data truncated for column 'estacao' at row 1
[2026-03-20 08:22:27] Conduta Inicial recebida: 'alta'
[2026-03-20 08:22:27] Detectada conduta ALTA para paciente 2
[2026-03-20 08:22:27] Tentando adicionar paciente 2 à fila 'altas'
[2026-03-20 08:22:27] Deletados 0 registros de outras filas
[2026-03-20 08:22:27] INSERT resultado: SUCCESS
[2026-03-20 08:22:42] Conduta Inicial recebida: 'encaminhamento'
[2026-03-20 08:22:42] Detectada conduta ENCAMINHAMENTO para paciente 1
[2026-03-20 08:22:42] Tentando adicionar paciente 1 à fila 'encaminhamentos'
[2026-03-20 08:22:42] Deletados 0 registros de outras filas
[2026-03-20 08:22:42] INSERT resultado: SUCCESS
[2026-03-20 08:24:34] Conduta Inicial recebida: 'encaminhamento'
[2026-03-20 08:24:34] Detectada conduta ENCAMINHAMENTO para paciente 1
[2026-03-20 08:24:34] Tentando adicionar paciente 1 à fila 'encaminhamentos'
[2026-03-20 08:24:34] Removido paciente de 2 filas anteriores
[2026-03-20 08:24:34] INSERT resultado: SUCCESS
[2026-03-20 08:27:51] Conduta Inicial recebida: 'alta'
[2026-03-20 08:27:51] Detectada conduta ALTA para paciente 1
[2026-03-20 08:27:51] Tentando adicionar paciente 1 à fila 'altas'
[2026-03-20 08:27:51] Removido paciente de 1 filas anteriores
[2026-03-20 08:27:51] INSERT resultado: SUCCESS
[2026-03-20 08:32:24] Conduta Inicial recebida: 'onibus'
[2026-03-20 08:32:24] Nenhuma fila detectada para conduta: 'onibus'
[2026-03-20 08:44:57] Conduta Inicial recebida: 'alta'
[2026-03-20 08:44:57] Detectada conduta ALTA para paciente 1
[2026-03-20 08:44:57] Tentando adicionar paciente 1 à fila 'altas'
[2026-03-20 08:44:57] Removido paciente de 1 filas anteriores
[2026-03-20 08:44:57] INSERT resultado: SUCCESS
[2026-03-20 08:45:50] Conduta Inicial recebida: 'alta'
[2026-03-20 08:45:50] Detectada conduta ALTA para paciente 1
[2026-03-20 08:45:50] Tentando adicionar paciente 1 à fila 'altas'
[2026-03-20 08:45:50] Removido paciente de 1 filas anteriores
[2026-03-20 08:45:50] INSERT resultado: SUCCESS
[2026-03-20 11:48:09] Conduta Inicial recebida: 'alta'
[2026-03-20 11:48:09] Detectada conduta ALTA para paciente 2
[2026-03-20 11:48:09] Tentando adicionar paciente 2 à fila 'altas'
[2026-03-20 11:48:09] Removido paciente de 0 filas anteriores
[2026-03-20 11:48:09] INSERT resultado: SUCCESS
[2026-03-20 11:48:28] Conduta Inicial recebida: 'alta'
[2026-03-20 11:48:28] Detectada conduta ALTA para paciente 2
[2026-03-20 11:48:28] Tentando adicionar paciente 2 à fila 'altas'
[2026-03-20 11:48:28] Removido paciente de 1 filas anteriores
[2026-03-20 11:48:28] INSERT resultado: SUCCESS
[2026-03-20 11:59:04] Conduta Inicial recebida: 'alta'
[2026-03-20 11:59:04] Detectada conduta ALTA para paciente 2
[2026-03-20 11:59:04] Tentando adicionar paciente 2 à fila 'altas'
[2026-03-20 11:59:04] Removido paciente de 1 filas anteriores
[2026-03-20 11:59:04] INSERT resultado: SUCCESS
[2026-03-20 12:03:30] Conduta Inicial recebida: 'alta'
[2026-03-20 12:03:30] Detectada conduta ALTA para paciente 2
[2026-03-20 12:03:30] Tentando adicionar paciente 2 à fila 'altas'
[2026-03-20 12:03:30] Removido paciente de 1 filas anteriores
[2026-03-20 12:03:30] INSERT resultado: SUCCESS
[2026-03-20 12:23:50] Tentando mover paciente 1 para fila 'exames' (saindo de 'acuidade')
[2026-03-20 12:23:50] Removido de 'acuidade': 1 registros
[2026-03-20 12:23:50] INSERT resultado: SUCCESS
[2026-03-20 12:28:45] Conduta Inicial recebida: 'alta'
[2026-03-20 12:28:45] Detectada conduta ALTA para paciente 1
[2026-03-20 12:28:45] Tentando mover paciente 1 para fila 'altas'
[2026-03-20 12:28:45] Removido paciente de 1 filas anteriores
[2026-03-20 12:28:45] INSERT resultado: SUCCESS
[2026-03-20 14:07:52] Tentando mover paciente 400 para fila 'exames' (saindo de 'acuidade')
[2026-03-20 14:07:52] Removido de 'acuidade': 1 registros
[2026-03-20 14:07:52] INSERT resultado: SUCCESS
[2026-03-20 14:08:46] Conduta Inicial recebida: 'alta'
[2026-03-20 14:08:46] Detectada conduta ALTA para paciente 400
[2026-03-20 14:08:46] Tentando mover paciente 400 para fila 'altas'
[2026-03-20 14:08:46] Removido paciente de 1 filas anteriores
[2026-03-20 14:08:46] INSERT resultado: SUCCESS
[2026-03-21 19:56:14] Tentando mover paciente 373 para fila 'exames' (saindo de 'acuidade')
[2026-03-21 19:56:14] Removido de 'acuidade': 1 registros
[2026-03-21 19:56:14] INSERT resultado: SUCCESS
[2026-03-21 19:58:31] Conduta Inicial recebida: 'alta'
[2026-03-21 19:58:31] Detectada conduta ALTA para paciente 373
[2026-03-21 19:58:31] Tentando mover paciente 373 para fila 'altas'
[2026-03-21 19:58:31] Removido paciente de 1 filas anteriores
[2026-03-21 19:58:31] INSERT resultado: SUCCESS
[2026-03-21 19:59:02] Conduta Inicial recebida: 'onibus'
[2026-03-21 19:59:02] Nenhuma fila detectada para conduta: 'onibus'
[2026-03-21 20:02:19] Conduta Inicial recebida: 'onibus'
[2026-03-21 20:02:19] Nenhuma fila detectada para conduta: 'onibus'
[2026-03-21 21:02:45] Tentando mover paciente 463 para fila 'exames' (saindo de 'acuidade')
[2026-03-21 21:02:45] Removido de 'acuidade': 1 registros
[2026-03-21 21:02:45] INSERT resultado: SUCCESS
[2026-03-21 21:04:35] Conduta Inicial recebida: 'alta'
[2026-03-21 21:04:35] Detectada conduta ALTA para paciente 463
[2026-03-21 21:04:35] Tentando mover paciente 463 para fila 'altas'
[2026-03-21 21:04:35] Removido paciente de 1 filas anteriores
[2026-03-21 21:04:35] INSERT resultado: SUCCESS
[2026-03-22 21:29:34] Conduta Inicial recebida: 'alta'
[2026-03-22 21:29:34] Detectada conduta ALTA para paciente 2
[2026-03-22 21:29:34] Tentando mover paciente 2 para fila 'altas'
[2026-03-22 21:29:34] Removido paciente de 1 filas anteriores
[2026-03-22 21:29:34] INSERT resultado: SUCCESS
[2026-03-22 21:42:06] Conduta Inicial recebida: 'alta'
[2026-03-22 21:42:06] Detectada conduta ALTA para paciente 2
[2026-03-22 21:42:06] Tentando mover paciente 2 para fila 'altas'
[2026-03-22 21:42:06] Removido paciente de 1 filas anteriores
[2026-03-22 21:42:06] INSERT resultado: SUCCESS
[2026-03-22 21:42:41] Conduta Inicial recebida: 'alta'
[2026-03-22 21:42:41] Detectada conduta ALTA para paciente 2
[2026-03-22 21:42:41] Tentando mover paciente 2 para fila 'altas'
[2026-03-22 21:42:41] Removido paciente de 1 filas anteriores
[2026-03-22 21:42:41] INSERT resultado: SUCCESS
[2026-03-23 02:04:35] Tentando mover paciente 1552 para fila 'exames' (saindo de 'acuidade')
[2026-03-23 02:04:35] Removido de 'acuidade': 1 registros
[2026-03-23 02:04:35] INSERT resultado: SUCCESS
[2026-03-23 03:15:38] Conduta Inicial recebida: 'alta'
[2026-03-23 03:15:38] Detectada conduta ALTA para paciente 2
[2026-03-23 03:15:38] Tentando mover paciente 2 para fila 'altas'
[2026-03-23 03:15:38] Removido paciente de 1 filas anteriores
[2026-03-23 03:15:38] INSERT resultado: SUCCESS
[2026-03-23 03:16:08] Conduta Inicial recebida: 'alta'
[2026-03-23 03:16:08] Detectada conduta ALTA para paciente 2
[2026-03-23 03:16:08] Tentando mover paciente 2 para fila 'altas'
[2026-03-23 03:16:08] Removido paciente de 1 filas anteriores
[2026-03-23 03:16:08] INSERT resultado: SUCCESS
[2026-03-23 03:16:37] Conduta Inicial recebida: 'alta'
[2026-03-23 03:16:37] Detectada conduta ALTA para paciente 2
[2026-03-23 03:16:37] Tentando mover paciente 2 para fila 'altas'
[2026-03-23 03:16:37] Removido paciente de 1 filas anteriores
[2026-03-23 03:16:37] INSERT resultado: SUCCESS
[2026-03-23 03:22:18] Tentando mover paciente 2 para fila 'exames' (saindo de 'acuidade')
[2026-03-23 03:22:18] Removido de 'acuidade': 1 registros
[2026-03-23 03:22:18] INSERT resultado: SUCCESS
[2026-03-23 03:24:06] Conduta Inicial recebida: 'onibus'
[2026-03-23 03:24:06] Nenhuma fila detectada para conduta: 'onibus'
[2026-03-23 03:24:42] Conduta Inicial recebida: 'onibus'
[2026-03-23 03:24:42] Nenhuma fila detectada para conduta: 'onibus'
[2026-03-23 03:24:56] Conduta Inicial recebida: 'onibus'
[2026-03-23 03:24:56] Nenhuma fila detectada para conduta: 'onibus'
[2026-03-23 03:35:31] Conduta Inicial recebida: 'onibus'
[2026-03-23 03:35:31] Nenhuma fila detectada para conduta: 'onibus'
[2026-03-23 13:04:56] Conduta Inicial recebida: 'onibus'
[2026-03-23 13:04:56] Nenhuma fila detectada para conduta: 'onibus'
[2026-03-23 13:05:42] Conduta Inicial recebida: 'onibus'
[2026-03-23 13:05:42] Nenhuma fila detectada para conduta: 'onibus'
[2026-03-23 13:46:58] Conduta Inicial recebida: 'onibus'
[2026-03-23 13:46:58] Nenhuma fila detectada para conduta: 'onibus'
[2026-03-23 13:51:50] Conduta Inicial recebida: 'onibus'
[2026-03-23 13:51:50] Nenhuma fila detectada para conduta: 'onibus'
[2026-03-23 13:51:58] Conduta Inicial recebida: 'onibus'
[2026-03-23 13:51:58] Nenhuma fila detectada para conduta: 'onibus'
[2026-03-23 13:53:05] Conduta Inicial recebida: 'onibus'
[2026-03-23 13:53:05] Nenhuma fila detectada para conduta: 'onibus'
[2026-03-23 13:55:55] Conduta Inicial recebida: 'onibus'
[2026-03-23 13:55:55] Nenhuma fila detectada para conduta: 'onibus'
[2026-03-23 13:59:53] Conduta Inicial recebida: 'onibus'
[2026-03-23 13:59:53] Nenhuma fila detectada para conduta: 'onibus'
[2026-03-23 14:01:34] Conduta Inicial recebida: 'onibus'
[2026-03-23 14:01:34] Nenhuma fila detectada para conduta: 'onibus'
[2026-03-23 14:01:45] Conduta Inicial recebida: 'onibus'
[2026-03-23 14:01:45] Nenhuma fila detectada para conduta: 'onibus'
[2026-03-23 14:07:16] Conduta Inicial recebida: 'onibus'
[2026-03-23 14:07:16] Nenhuma fila detectada para conduta: 'onibus'
[2026-03-23 14:09:10] Conduta Inicial recebida: 'onibus'
[2026-03-23 14:09:10] Nenhuma fila detectada para conduta: 'onibus'
[2026-03-23 14:29:53] Conduta Inicial recebida: 'onibus'
[2026-03-23 14:29:53] Nenhuma fila detectada para conduta: 'onibus'
[2026-03-23 15:02:57] Conduta Inicial recebida: 'onibus'
[2026-03-23 15:02:57] Nenhuma fila detectada para conduta: 'onibus'
[2026-03-23 15:33:00] Conduta Inicial recebida: 'alta'
[2026-03-23 15:33:00] Detectada conduta ALTA para paciente 2
[2026-03-23 15:33:00] Tentando mover paciente 2 para fila 'altas'
[2026-03-23 15:33:00] Removido paciente de 1 filas anteriores
[2026-03-23 15:33:00] INSERT resultado: SUCCESS
[2026-03-23 16:14:58] Conduta Inicial recebida: 'onibus'
[2026-03-23 16:14:58] Nenhuma fila detectada para conduta: 'onibus'
[2026-03-23 16:17:41] Conduta Inicial recebida: 'onibus'
[2026-03-23 16:17:41] Nenhuma fila detectada para conduta: 'onibus'
[2026-03-23 16:20:04] Conduta Inicial recebida: 'onibus'
[2026-03-23 16:20:04] Nenhuma fila detectada para conduta: 'onibus'
[2026-03-23 16:24:43] Conduta Inicial recebida: 'onibus'
[2026-03-23 16:24:43] Nenhuma fila detectada para conduta: 'onibus'
[2026-03-23 16:35:58] Tentando mover paciente 2 para fila 'exames' (saindo de 'acuidade')
[2026-03-23 16:35:58] Removido de 'acuidade': 0 registros
[2026-03-23 16:35:58] INSERT resultado: SUCCESS
[2026-03-23 16:43:05] Conduta Inicial recebida: 'onibus'
[2026-03-23 16:43:05] Nenhuma fila detectada para conduta: 'onibus'
[2026-03-23 16:51:16] Conduta Inicial recebida: 'onibus_encaminhamento'
[2026-03-23 16:51:16] Detectada conduta ONIBUS+ENCAMINHAMENTO para paciente 2
[2026-03-23 16:51:16] Tentando mover paciente 2 para fila 'oculos' (saindo de 'laudos')
[2026-03-23 16:51:16] Removido de 'laudos': 0 registros
[2026-03-23 16:51:16] INSERT resultado: SUCCESS
[2026-03-23 17:09:15] Tentando mover paciente 2 para fila 'exames' (saindo de 'acuidade')
[2026-03-23 17:09:15] Removido de 'acuidade': 0 registros
[2026-03-23 17:09:15] Paciente já existe na fila 'exames', abortando
[2026-03-23 17:23:39] Conduta Inicial recebida: 'onibus_encaminhamento'
[2026-03-23 17:23:39] Detectada conduta ONIBUS+ENCAMINHAMENTO para paciente 2
[2026-03-23 17:23:39] Tentando mover paciente 2 para fila 'oculos' (saindo de 'laudos')
[2026-03-23 17:23:39] Removido de 'laudos': 0 registros
[2026-03-23 17:23:39] Paciente já existe na fila 'oculos', abortando
[2026-03-23 17:24:00] Conduta Inicial recebida: 'onibus_encaminhamento'
[2026-03-23 17:24:00] Detectada conduta ONIBUS+ENCAMINHAMENTO para paciente 2
[2026-03-23 17:24:00] Tentando mover paciente 2 para fila 'oculos' (saindo de 'laudos')
[2026-03-23 17:24:00] Removido de 'laudos': 0 registros
[2026-03-23 17:24:00] Paciente já existe na fila 'oculos', abortando
[2026-03-23 17:35:49] Conduta Inicial recebida: 'onibus_encaminhamento'
[2026-03-23 17:35:49] Detectada conduta ONIBUS+ENCAMINHAMENTO para paciente 2
[2026-03-23 17:35:49] Tentando mover paciente 2 para fila 'oculos' (saindo de 'laudos')
[2026-03-23 17:35:49] Removido de 'laudos': 0 registros
[2026-03-23 17:35:49] INSERT resultado: SUCCESS
[2026-03-23 17:41:37] Conduta Inicial recebida: 'onibus_encaminhamento'
[2026-03-23 17:41:37] Detectada conduta ONIBUS+ENCAMINHAMENTO para paciente 2
[2026-03-23 17:41:37] Tentando mover paciente 2 para fila 'oculos' (saindo de 'laudos')
[2026-03-23 17:41:37] Removido paciente de 1 filas anteriores
[2026-03-23 17:41:37] INSERT resultado: SUCCESS
[2026-03-23 17:43:33] Prescricao salva com conduta_final encaminhamento - movendo paciente 2 para encaminhamentos
[2026-03-23 17:43:33] Tentando mover paciente 2 para fila 'encaminhamentos'
[2026-03-23 17:43:33] Removido paciente de 0 filas anteriores
[2026-03-23 17:43:33] INSERT resultado: SUCCESS
[2026-03-23 17:43:33] Conduta Inicial recebida: 'onibus_encaminhamento'
[2026-03-23 17:43:33] Detectada conduta ONIBUS+ENCAMINHAMENTO para paciente 2
[2026-03-23 17:43:33] Tentando mover paciente 2 para fila 'oculos' (saindo de 'laudos')
[2026-03-23 17:43:33] Removido paciente de 1 filas anteriores
[2026-03-23 17:43:33] INSERT resultado: SUCCESS
[2026-03-23 17:43:58] Prescricao salva com conduta_final alta - movendo paciente 2 para altas
[2026-03-23 17:43:58] Tentando mover paciente 2 para fila 'altas'
[2026-03-23 17:43:58] Removido paciente de 0 filas anteriores
[2026-03-23 17:43:58] INSERT resultado: SUCCESS
[2026-03-23 17:43:58] Conduta Inicial recebida: 'onibus_encaminhamento'
[2026-03-23 17:43:58] Detectada conduta ONIBUS+ENCAMINHAMENTO para paciente 2
[2026-03-23 17:43:58] Tentando mover paciente 2 para fila 'oculos' (saindo de 'laudos')
[2026-03-23 17:43:58] Removido paciente de 1 filas anteriores
[2026-03-23 17:43:58] INSERT resultado: SUCCESS
[2026-03-23 17:47:07] Prescricao salva com conduta_final encaminhamento - movendo paciente 2 para encaminhamentos
[2026-03-23 17:47:07] Tentando mover paciente 2 para fila 'encaminhamentos'
[2026-03-23 17:47:07] Removido paciente de 1 filas anteriores
[2026-03-23 17:47:07] INSERT resultado: SUCCESS
[2026-03-23 17:54:59] Tentando mover paciente 2926 para fila 'exames' (saindo de 'acuidade')
[2026-03-23 17:54:59] Removido paciente de 1 filas anteriores
[2026-03-23 17:54:59] INSERT resultado: SUCCESS
[2026-03-23 17:56:25] Conduta Inicial recebida: 'alta'
[2026-03-23 17:56:25] Detectada conduta ALTA para paciente 2926
[2026-03-23 17:56:25] Tentando mover paciente 2926 para fila 'altas'
[2026-03-23 17:56:25] Removido paciente de 1 filas anteriores
[2026-03-23 17:56:25] INSERT resultado: SUCCESS
[2026-03-23 17:57:35] Conduta Inicial recebida: 'encaminhamento'
[2026-03-23 17:57:35] Detectada conduta ENCAMINHAMENTO para paciente 2926
[2026-03-23 17:57:35] Tentando mover paciente 2926 para fila 'encaminhamentos'
[2026-03-23 17:57:35] Removido paciente de 1 filas anteriores
[2026-03-23 17:57:35] INSERT resultado: SUCCESS
[2026-03-23 17:57:58] Conduta Inicial recebida: 'onibus_encaminhamento'
[2026-03-23 17:57:58] Detectada conduta ONIBUS+ENCAMINHAMENTO para paciente 2926
[2026-03-23 17:57:58] Tentando mover paciente 2926 para fila 'oculos' (saindo de 'laudos')
[2026-03-23 17:57:58] Removido paciente de 1 filas anteriores
[2026-03-23 17:57:58] INSERT resultado: SUCCESS
[2026-03-23 17:58:26] Prescricao salva com conduta_final alta - movendo paciente 2926 para altas
[2026-03-23 17:58:26] Tentando mover paciente 2926 para fila 'altas'
[2026-03-23 17:58:26] Removido paciente de 1 filas anteriores
[2026-03-23 17:58:26] INSERT resultado: SUCCESS (created_at preservado: 2026-03-23 13:57:58)
[2026-03-23 18:01:51] Prescricao salva com conduta onibus_encaminhamento - movendo paciente 2926 para encaminhamentos
[2026-03-23 18:01:51] Tentando mover paciente 2926 para fila 'encaminhamentos'
[2026-03-23 18:01:51] Removido paciente de 1 filas anteriores
[2026-03-23 18:01:51] INSERT resultado: SUCCESS (created_at preservado: 2026-03-23 13:57:58)
[2026-03-23 18:02:02] Conduta Inicial recebida: 'alta'
[2026-03-23 18:02:02] Detectada conduta ALTA para paciente 2926
[2026-03-23 18:02:02] Tentando mover paciente 2926 para fila 'altas'
[2026-03-23 18:02:02] Removido paciente de 1 filas anteriores
[2026-03-23 18:02:02] INSERT resultado: SUCCESS (created_at preservado: 2026-03-23 13:57:58)
[2026-03-23 18:26:36] Conduta Inicial recebida: 'encaminhamento'
[2026-03-23 18:26:36] Detectada conduta ENCAMINHAMENTO para paciente 2926
[2026-03-23 18:26:36] Tentando mover paciente 2926 para fila 'encaminhamentos'
[2026-03-23 18:26:36] Removido paciente de 1 filas anteriores
[2026-03-23 18:26:36] INSERT resultado: SUCCESS (created_at preservado: 2026-03-23 13:57:58)
[2026-03-23 18:29:24] Conduta Inicial recebida: 'onibus_encaminhamento'
[2026-03-23 18:29:24] Detectada conduta ONIBUS+ENCAMINHAMENTO para paciente 2926
[2026-03-23 18:29:24] Tentando mover paciente 2926 para fila 'oculos' (saindo de 'laudos')
[2026-03-23 18:29:24] Removido paciente de 1 filas anteriores
[2026-03-23 18:29:24] INSERT resultado: SUCCESS (created_at preservado: 2026-03-23 13:57:58)
[2026-03-23 19:16:11] Conduta Inicial recebida: 'alta'
[2026-03-23 19:16:11] Detectada conduta ALTA para paciente 1552
[2026-03-23 19:16:11] Tentando mover paciente 1552 para fila 'altas'
[2026-03-23 19:16:11] Removido paciente de 1 filas anteriores
[2026-03-23 19:16:11] INSERT resultado: SUCCESS (created_at preservado: 2026-03-23 14:30:54)
[2026-03-23 19:20:44] Conduta Inicial recebida: 'onibus'
[2026-03-23 19:20:44] Detectada conduta ONIBUS para paciente 2562
[2026-03-23 19:20:44] Tentando mover paciente 2562 para fila 'oculos' (saindo de 'laudos')
[2026-03-23 19:20:44] Removido paciente de 1 filas anteriores
[2026-03-23 19:20:44] INSERT resultado: SUCCESS (created_at preservado: 2026-03-23 14:30:54)
[2026-03-23 19:26:00] Conduta Inicial recebida: 'onibus_encaminhamento'
[2026-03-23 19:26:00] Detectada conduta ONIBUS+ENCAMINHAMENTO para paciente 2926
[2026-03-23 19:26:00] Tentando mover paciente 2926 para fila 'oculos' (saindo de 'laudos')
[2026-03-23 19:26:00] Removido paciente de 1 filas anteriores
[2026-03-23 19:26:00] INSERT resultado: SUCCESS (created_at preservado: 2026-03-23 13:57:58)
[2026-03-23 19:32:13] Conduta Inicial recebida: 'onibus'
[2026-03-23 19:32:13] Detectada conduta ONIBUS para paciente 2562
[2026-03-23 19:32:13] Tentando mover paciente 2562 para fila 'oculos' (saindo de 'laudos')
[2026-03-23 19:32:13] Removido paciente de 1 filas anteriores
[2026-03-23 19:32:13] INSERT resultado: SUCCESS (created_at preservado: 2026-03-23 14:30:54)
[2026-03-23 19:39:58] Prescricao salva com conduta_final alta - movendo paciente 2562 para altas
[2026-03-23 19:39:58] Tentando mover paciente 2562 para fila 'altas'
[2026-03-23 19:39:58] Removido paciente de 1 filas anteriores
[2026-03-23 19:39:58] INSERT resultado: SUCCESS (created_at preservado: 2026-03-23 14:30:54)
[2026-03-23 19:53:44] Prescricao salva com conduta_final alta - movendo paciente 2562 para altas
[2026-03-23 19:53:44] Tentando mover paciente 2562 para fila 'altas'
[2026-03-23 19:53:44] Removido paciente de 1 filas anteriores
[2026-03-23 19:53:44] INSERT resultado: SUCCESS (created_at preservado: 2026-03-23 14:30:54)
